[project]
name = "test-project"
version = "1.0.11"
description = "Autogenerated httpx async client for test-project"
authors = [
    { name = "Test User", email = "test@example.com" },
]
requires-python = ">=3.8"
dependencies = [
    "httpx>=0.22,<1",
    "pydantic>=2,<3",
]

[build-system]
requires = ["hatchling"]
build-backend = "hatchling.build"

[tool.hatch.build.targets.wheel]
packages = ["test_project"]
