[tool.poetry]
name = "fastapi-project"
version = "0.1.0"
description = "Autogenerated httpx async client for fastapi-project"
authors = ["Autogenerated Client <autogenerated@client.com>"]

[tool.poetry.dependencies]
python = "^3.7"
httpx = ">=0.22, <1"
pydantic = ">1,<3"

[tool.poetry.scripts]
poetry = "poetry.console:main"

[build-system]
requires = ["poetry-core>=1.0.0"]
build-backend = "poetry.core.masonry.api"
